----------|---------|----------|---------|---------|-------------------
File      | % Stmts | % Branch | % Funcs | % Lines | Uncovered Line #s 
----------|---------|----------|---------|---------|-------------------
All files |   64.71 |    66.67 |      50 |   64.71 |                   
 used.js  |   64.71 |    66.67 |      50 |   64.71 | 6-8,13-15         
----------|---------|----------|---------|---------|-------------------
