-------------|---------|----------|---------|---------|-------------------
File         | % Stmts | % Branch | % Funcs | % Lines | Uncovered Line #s 
-------------|---------|----------|---------|---------|-------------------
All files    |   26.83 |       40 |      50 |   26.83 |                   
 complex.js  |       0 |        0 |     100 |       0 | 1-13              
 non-used.js |       0 |        0 |     100 |       0 | 1-11              
 used.js     |   64.71 |    66.67 |      50 |   64.71 | 6-8,13-15         
-------------|---------|----------|---------|---------|-------------------
