------------|---------|----------|---------|---------|-------------------
File        | % Stmts | % Branch | % Funcs | % Lines | Uncovered Line #s 
------------|---------|----------|---------|---------|-------------------
All files   |   69.23 |      100 |       0 |   69.23 |                   
 complex.js |   69.23 |      100 |       0 |   69.23 | 7-10              
------------|---------|----------|---------|---------|-------------------
