[
  {
    "scriptId": "478",
    "url": "/web/my/runtime-coverage/__tests__/test-lib/complex.js",
    "functions": [
      {
        "functionName": "",
        "ranges": [
          {
            "startOffset": 0,
            "endOffset": 321,
            "count": 1
          }
        ],
        "isBlockCoverage": true
      },
      {
        "functionName": "lol",
        "ranges": [
          {
            "startOffset": 115,
            "endOffset": 195,
            "count": 0
          }
        ],
        "isBlockCoverage": false
      }
    ]
  }
]