-------------|---------|----------|---------|---------|-------------------
File         | % Stmts | % Branch | % Funcs | % Lines | Uncovered Line #s 
-------------|---------|----------|---------|---------|-------------------
All files    |   60.71 |        0 |     100 |   60.71 |                   
 non-used.js |       0 |        0 |     100 |       0 | 1-11              
 used.js     |     100 |      100 |     100 |     100 |                   
-------------|---------|----------|---------|---------|-------------------
