[
  {
    "scriptId": "472",
    "url": "/web/my/runtime-coverage/__tests__/test-lib/used.js",
    "functions": [
      {
        "functionName": "add",
        "ranges": [
          {
            "startOffset": 16,
            "endOffset": 150,
            "count": 1
          }
        ],
        "isBlockCoverage": false
      }
    ]
  }
]