-------------|---------|----------|---------|---------|-------------------
File         | % Stmts | % Branch | % Funcs | % Lines | Uncovered Line #s 
-------------|---------|----------|---------|---------|-------------------
All files    |   17.07 |        0 |     100 |   17.07 |                   
 complex.js  |       0 |        0 |     100 |       0 | 1-13              
 non-used.js |       0 |        0 |     100 |       0 | 1-11              
 used.js     |   41.18 |        0 |     100 |   41.18 | 1-3,11-17         
-------------|---------|----------|---------|---------|-------------------
