-------------|---------|----------|---------|---------|-------------------
File         | % Stmts | % Branch | % Funcs | % Lines | Uncovered Line #s 
-------------|---------|----------|---------|---------|-------------------
All files    |   39.29 |       50 |      50 |   39.29 |                   
 non-used.js |       0 |        0 |     100 |       0 | 1-11              
 used.js     |   64.71 |    66.67 |      50 |   64.71 | 6-8,13-15         
-------------|---------|----------|---------|---------|-------------------
