<?xml version="1.0" ?>
<!DOCTYPE coverage SYSTEM "http://cobertura.sourceforge.net/xml/coverage-04.dtd">
<coverage lines-valid="17" lines-covered="11" line-rate="0.6470999999999999" branches-valid="1" branches-covered="1" branch-rate="1" timestamp="">
  <sources>
    <source>/web/my/runtime-coverage</source>
  </sources>
  <packages>
    <class name="used.js" filename="__tests__/test-lib/used.js" line-rate="0.6470999999999999" branch-rate="1">
      <methods>
        <method name="add" hits="1" signature="()V">
          <lines>
            <line number="4" hits="1"/>
          </lines>
        </method>
        <method name="add" hits="0" signature="()V">
          <lines>
            <line number="5" hits="0"/>
          </lines>
        </method>
        <method name="theWorld" hits="0" signature="()V">
          <lines>
            <line number="13" hits="0"/>
          </lines>
        </method>
      </methods>
      <lines>
        <line number="1" hits="1" branch="true" condition-coverage="100% (1/1)"/>
        <line number="2" hits="1" branch="false"/>
        <line number="3" hits="1" branch="false"/>
        <line number="4" hits="1" branch="false"/>
        <line number="5" hits="1" branch="false"/>
        <line number="6" hits="0" branch="false"/>
        <line number="7" hits="0" branch="false"/>
        <line number="8" hits="0" branch="false"/>
        <line number="9" hits="1" branch="false"/>
        <line number="10" hits="1" branch="false"/>
        <line number="11" hits="1" branch="false"/>
        <line number="12" hits="1" branch="false"/>
        <line number="13" hits="0" branch="false"/>
        <line number="14" hits="0" branch="false"/>
        <line number="15" hits="0" branch="false"/>
        <line number="16" hits="1" branch="false"/>
        <line number="17" hits="1" branch="false"/>
      </lines>
    </class>
  </packages>
</coverage>
